260923 00:33:13.148 [ops::監視] [wf] run_workflow record_pass: start
260923 00:33:13.149 [ops::監視] [RUN] run_cmd: sh loud.sh 1
260923 00:33:13.149 [ops::監視] [RUN] run_cmd: sh quiet.sh
260923 00:33:13.151 [ops::監視] [sh] pass 1 line 1: plain ascii
260923 00:33:13.151 [ops::監視] [sh] the quiet branch, one line
260923 00:33:13.151 [ops::監視] [OK] run_cmd: sh quiet.sh (exit 0, 2ms)
260923 00:33:13.405 [ops::監視] [sh] pass 1 line 2: [1;32mSGR green[0m and back
260923 00:33:13.664 [ops::監視] [sh] pass 1 line 3: ]0;window titleOSC residue
260923 00:33:13.918 [ops::監視] [sh] pass 1 line 4: carriagereturn embedded
260923 00:33:14.177 [ops::監視] [sh] pass 1 line 5: tab	separated	columns
260923 00:33:14.435 [ops::監視] [sh] pass 1 line 6: bidi ‮override‬ back
260923 00:33:14.693 [ops::監視] [sh] pass 1 line 7: CJK 監視サービスの担当者
260923 00:33:14.950 [ops::監視] [sh] pass 1 line 8: emoji 🚀 and zero​width
260923 00:33:14.951 [ops::監視] [OK] run_cmd: sh loud.sh 1 (exit 0, 1.80s)
260923 00:33:14.952 [ops::監視] [RUN] run_cmd: true
260923 00:33:14.955 [ops::監視] [OK] run_cmd: true (exit 0, 2ms)
260923 00:33:14.955 [ops::監視] [if] true -> true
260923 00:33:14.956 [ops::監視] [RUN] run_cmd: sh tail.sh
260923 00:33:14.960 [ops::監視] [sh] the guarded tail, line A
260923 00:33:15.468 [ops::監視] [sh] the guarded tail, line B
260923 00:33:15.976 [ops::監視] [sh] the guarded tail, line C
260923 00:33:15.977 [ops::監視] [OK] run_cmd: sh tail.sh (exit 0, 1.02s)
260923 00:33:15.978 [ops::監視] [RUN] run_cmd: sh coda.sh
260923 00:33:15.982 [ops::監視] [sh] the coda, line one
260923 00:33:16.490 [ops::監視] [sh] the coda, line two
260923 00:33:16.998 [ops::監視] [sh] the coda, line three
260923 00:33:16.999 [ops::監視] [OK] run_cmd: sh coda.sh (exit 0, 1.02s)
260923 00:33:16.999 [ops::監視] [wf] run_workflow record_pass: finished (3.85s)
